// Jest Snapshot v1, https://goo.gl/fbAQLP

exports[`ConfirmPopup renders correctly 1`] = `
LoadedCheerio {
  "0": Document {
    "children": [],
    "endIndex": null,
    "next": null,
    "parent": null,
    "prev": null,
    "startIndex": null,
    "type": "root",
  },
  "_root": LoadedCheerio {
    "0": Document {
      "children": [],
      "endIndex": null,
      "next": null,
      "parent": null,
      "prev": null,
      "startIndex": null,
      "type": "root",
    },
    "_root": [Circular],
    "length": 1,
    "options": {
      "decodeEntities": true,
      "xml": false,
    },
  },
  "length": 1,
  "options": {
    "decodeEntities": true,
    "xml": false,
  },
}
`;
