// Jest Snapshot v1, https://goo.gl/fbAQLP

exports[`Collapse renders correctly 1`] = `
{
  "asFragment": [Function],
  "baseElement": <body>
    <div>
      <div
        class="om-react-ui-collapse p-accordion p-component"
        data-pc-name="accordion"
        data-pc-section="root"
        id="pr_id_1"
      >
        <div
          class="p-accordion-tab"
          data-pc-name=""
          data-pc-section="root"
        >
          <div
            class="om-react-ui-collapse-item p-accordion-header"
            data-p-disabled="false"
            data-p-highlight="false"
            data-pc-section="header"
          >
            <a
              aria-controls="pr_id_1_content_0"
              aria-disabled="false"
              aria-expanded="false"
              class="p-accordion-header-link"
              data-pc-section="headeraction"
              href="#pr_id_1_content_0"
              id="pr_id_1_header_0"
              role="button"
              tabindex="0"
            >
              <i
                class="om-react-ui-collapse-icon om-react-ui-collapse-icon-expand"
              >
                <svg
                  class="om-react-ui-icons"
                  fill="none"
                  height="24"
                  stroke="#000000"
                  viewBox="0 0 24 24"
                  width="24"
                  xmlns="http://www.w3.org/2000/svg"
                >
                  <path
                    d="M6 9L12 15L18 9"
                    stroke-linecap="round"
                    stroke-linejoin="round"
                    stroke-width="2"
                  />
                </svg>
              </i>
              <span
                class="p-accordion-header-text"
                data-pc-section="headertitle"
              >
                Header I
              </span>
            </a>
          </div>
        </div>
        <div
          class="p-accordion-tab"
          data-pc-name=""
          data-pc-section="root"
        >
          <div
            class="om-react-ui-collapse-item p-accordion-header"
            data-p-disabled="false"
            data-p-highlight="false"
            data-pc-section="header"
          >
            <a
              aria-controls="pr_id_1_content_1"
              aria-disabled="false"
              aria-expanded="false"
              class="p-accordion-header-link"
              data-pc-section="headeraction"
              href="#pr_id_1_content_1"
              id="pr_id_1_header_1"
              role="button"
              tabindex="0"
            >
              <i
                class="om-react-ui-collapse-icon om-react-ui-collapse-icon-expand"
              >
                <svg
                  class="om-react-ui-icons"
                  fill="none"
                  height="24"
                  stroke="#000000"
                  viewBox="0 0 24 24"
                  width="24"
                  xmlns="http://www.w3.org/2000/svg"
                >
                  <path
                    d="M6 9L12 15L18 9"
                    stroke-linecap="round"
                    stroke-linejoin="round"
                    stroke-width="2"
                  />
                </svg>
              </i>
              <span
                class="p-accordion-header-text"
                data-pc-section="headertitle"
              >
                Header II
              </span>
            </a>
          </div>
        </div>
        <div
          class="p-accordion-tab"
          data-pc-name=""
          data-pc-section="root"
        >
          <div
            class="om-react-ui-collapse-item p-accordion-header"
            data-p-disabled="false"
            data-p-highlight="false"
            data-pc-section="header"
          >
            <a
              aria-controls="pr_id_1_content_2"
              aria-disabled="false"
              aria-expanded="false"
              class="p-accordion-header-link"
              data-pc-section="headeraction"
              href="#pr_id_1_content_2"
              id="pr_id_1_header_2"
              role="button"
              tabindex="0"
            >
              <i
                class="om-react-ui-collapse-icon om-react-ui-collapse-icon-expand"
              >
                <svg
                  class="om-react-ui-icons"
                  fill="none"
                  height="24"
                  stroke="#000000"
                  viewBox="0 0 24 24"
                  width="24"
                  xmlns="http://www.w3.org/2000/svg"
                >
                  <path
                    d="M6 9L12 15L18 9"
                    stroke-linecap="round"
                    stroke-linejoin="round"
                    stroke-width="2"
                  />
                </svg>
              </i>
              <span
                class="p-accordion-header-text"
                data-pc-section="headertitle"
              >
                Header III
              </span>
            </a>
          </div>
        </div>
      </div>
    </div>
  </body>,
  "container": <div>
    <div
      class="om-react-ui-collapse p-accordion p-component"
      data-pc-name="accordion"
      data-pc-section="root"
      id="pr_id_1"
    >
      <div
        class="p-accordion-tab"
        data-pc-name=""
        data-pc-section="root"
      >
        <div
          class="om-react-ui-collapse-item p-accordion-header"
          data-p-disabled="false"
          data-p-highlight="false"
          data-pc-section="header"
        >
          <a
            aria-controls="pr_id_1_content_0"
            aria-disabled="false"
            aria-expanded="false"
            class="p-accordion-header-link"
            data-pc-section="headeraction"
            href="#pr_id_1_content_0"
            id="pr_id_1_header_0"
            role="button"
            tabindex="0"
          >
            <i
              class="om-react-ui-collapse-icon om-react-ui-collapse-icon-expand"
            >
              <svg
                class="om-react-ui-icons"
                fill="none"
                height="24"
                stroke="#000000"
                viewBox="0 0 24 24"
                width="24"
                xmlns="http://www.w3.org/2000/svg"
              >
                <path
                  d="M6 9L12 15L18 9"
                  stroke-linecap="round"
                  stroke-linejoin="round"
                  stroke-width="2"
                />
              </svg>
            </i>
            <span
              class="p-accordion-header-text"
              data-pc-section="headertitle"
            >
              Header I
            </span>
          </a>
        </div>
      </div>
      <div
        class="p-accordion-tab"
        data-pc-name=""
        data-pc-section="root"
      >
        <div
          class="om-react-ui-collapse-item p-accordion-header"
          data-p-disabled="false"
          data-p-highlight="false"
          data-pc-section="header"
        >
          <a
            aria-controls="pr_id_1_content_1"
            aria-disabled="false"
            aria-expanded="false"
            class="p-accordion-header-link"
            data-pc-section="headeraction"
            href="#pr_id_1_content_1"
            id="pr_id_1_header_1"
            role="button"
            tabindex="0"
          >
            <i
              class="om-react-ui-collapse-icon om-react-ui-collapse-icon-expand"
            >
              <svg
                class="om-react-ui-icons"
                fill="none"
                height="24"
                stroke="#000000"
                viewBox="0 0 24 24"
                width="24"
                xmlns="http://www.w3.org/2000/svg"
              >
                <path
                  d="M6 9L12 15L18 9"
                  stroke-linecap="round"
                  stroke-linejoin="round"
                  stroke-width="2"
                />
              </svg>
            </i>
            <span
              class="p-accordion-header-text"
              data-pc-section="headertitle"
            >
              Header II
            </span>
          </a>
        </div>
      </div>
      <div
        class="p-accordion-tab"
        data-pc-name=""
        data-pc-section="root"
      >
        <div
          class="om-react-ui-collapse-item p-accordion-header"
          data-p-disabled="false"
          data-p-highlight="false"
          data-pc-section="header"
        >
          <a
            aria-controls="pr_id_1_content_2"
            aria-disabled="false"
            aria-expanded="false"
            class="p-accordion-header-link"
            data-pc-section="headeraction"
            href="#pr_id_1_content_2"
            id="pr_id_1_header_2"
            role="button"
            tabindex="0"
          >
            <i
              class="om-react-ui-collapse-icon om-react-ui-collapse-icon-expand"
            >
              <svg
                class="om-react-ui-icons"
                fill="none"
                height="24"
                stroke="#000000"
                viewBox="0 0 24 24"
                width="24"
                xmlns="http://www.w3.org/2000/svg"
              >
                <path
                  d="M6 9L12 15L18 9"
                  stroke-linecap="round"
                  stroke-linejoin="round"
                  stroke-width="2"
                />
              </svg>
            </i>
            <span
              class="p-accordion-header-text"
              data-pc-section="headertitle"
            >
              Header III
            </span>
          </a>
        </div>
      </div>
    </div>
  </div>,
  "debug": [Function],
  "findAllByAltText": [Function],
  "findAllByDisplayValue": [Function],
  "findAllByLabelText": [Function],
  "findAllByPlaceholderText": [Function],
  "findAllByRole": [Function],
  "findAllByTestId": [Function],
  "findAllByText": [Function],
  "findAllByTitle": [Function],
  "findByAltText": [Function],
  "findByDisplayValue": [Function],
  "findByLabelText": [Function],
  "findByPlaceholderText": [Function],
  "findByRole": [Function],
  "findByTestId": [Function],
  "findByText": [Function],
  "findByTitle": [Function],
  "getAllByAltText": [Function],
  "getAllByDisplayValue": [Function],
  "getAllByLabelText": [Function],
  "getAllByPlaceholderText": [Function],
  "getAllByRole": [Function],
  "getAllByTestId": [Function],
  "getAllByText": [Function],
  "getAllByTitle": [Function],
  "getByAltText": [Function],
  "getByDisplayValue": [Function],
  "getByLabelText": [Function],
  "getByPlaceholderText": [Function],
  "getByRole": [Function],
  "getByTestId": [Function],
  "getByText": [Function],
  "getByTitle": [Function],
  "queryAllByAltText": [Function],
  "queryAllByDisplayValue": [Function],
  "queryAllByLabelText": [Function],
  "queryAllByPlaceholderText": [Function],
  "queryAllByRole": [Function],
  "queryAllByTestId": [Function],
  "queryAllByText": [Function],
  "queryAllByTitle": [Function],
  "queryByAltText": [Function],
  "queryByDisplayValue": [Function],
  "queryByLabelText": [Function],
  "queryByPlaceholderText": [Function],
  "queryByRole": [Function],
  "queryByTestId": [Function],
  "queryByText": [Function],
  "queryByTitle": [Function],
  "rerender": [Function],
  "unmount": [Function],
}
`;
