// Jest Snapshot v1, https://goo.gl/fbAQLP

exports[`Spinner renders correctly 1`] = `
{
  "asFragment": [Function],
  "baseElement": <body>
    <div>
      <div
        aria-busy="true"
        class="om-react-ui-spinner p-progress-spinner"
        data-pc-name="progressspinner"
        data-pc-section="root"
        role="progressbar"
      >
        <svg
          class="p-progress-spinner-svg"
          data-pc-section="spinner"
          style="animation-duration: 2s;"
          viewBox="25 25 50 50"
        >
          <circle
            class="p-progress-spinner-circle"
            cx="50"
            cy="50"
            data-pc-section="circle"
            fill="none"
            r="20"
            stroke-miterlimit="10"
            stroke-width="2"
          />
        </svg>
      </div>
    </div>
  </body>,
  "container": <div>
    <div
      aria-busy="true"
      class="om-react-ui-spinner p-progress-spinner"
      data-pc-name="progressspinner"
      data-pc-section="root"
      role="progressbar"
    >
      <svg
        class="p-progress-spinner-svg"
        data-pc-section="spinner"
        style="animation-duration: 2s;"
        viewBox="25 25 50 50"
      >
        <circle
          class="p-progress-spinner-circle"
          cx="50"
          cy="50"
          data-pc-section="circle"
          fill="none"
          r="20"
          stroke-miterlimit="10"
          stroke-width="2"
        />
      </svg>
    </div>
  </div>,
  "debug": [Function],
  "findAllByAltText": [Function],
  "findAllByDisplayValue": [Function],
  "findAllByLabelText": [Function],
  "findAllByPlaceholderText": [Function],
  "findAllByRole": [Function],
  "findAllByTestId": [Function],
  "findAllByText": [Function],
  "findAllByTitle": [Function],
  "findByAltText": [Function],
  "findByDisplayValue": [Function],
  "findByLabelText": [Function],
  "findByPlaceholderText": [Function],
  "findByRole": [Function],
  "findByTestId": [Function],
  "findByText": [Function],
  "findByTitle": [Function],
  "getAllByAltText": [Function],
  "getAllByDisplayValue": [Function],
  "getAllByLabelText": [Function],
  "getAllByPlaceholderText": [Function],
  "getAllByRole": [Function],
  "getAllByTestId": [Function],
  "getAllByText": [Function],
  "getAllByTitle": [Function],
  "getByAltText": [Function],
  "getByDisplayValue": [Function],
  "getByLabelText": [Function],
  "getByPlaceholderText": [Function],
  "getByRole": [Function],
  "getByTestId": [Function],
  "getByText": [Function],
  "getByTitle": [Function],
  "queryAllByAltText": [Function],
  "queryAllByDisplayValue": [Function],
  "queryAllByLabelText": [Function],
  "queryAllByPlaceholderText": [Function],
  "queryAllByRole": [Function],
  "queryAllByTestId": [Function],
  "queryAllByText": [Function],
  "queryAllByTitle": [Function],
  "queryByAltText": [Function],
  "queryByDisplayValue": [Function],
  "queryByLabelText": [Function],
  "queryByPlaceholderText": [Function],
  "queryByRole": [Function],
  "queryByTestId": [Function],
  "queryByText": [Function],
  "queryByTitle": [Function],
  "rerender": [Function],
  "unmount": [Function],
}
`;
