// Jest Snapshot v1, https://goo.gl/fbAQLP

exports[`Radio renders correctly 1`] = `
{
  "asFragment": [Function],
  "baseElement": <body>
    <div>
      <div
        class="om-react-ui-radio-wrapper "
      >
        <div
          class="om-react-ui-radio-inner  rd-md"
        >
          <div
            class="om-react-ui-radio-radio p-radiobutton p-component"
            data-pc-name="radiobutton"
            data-pc-section="root"
          >
            <input
              class="p-radiobutton-input"
              data-pc-section="input"
              id="test-radio"
              type="radio"
            />
            <div
              class="p-radiobutton-box"
              data-pc-section="box"
            >
              <div
                class="p-radiobutton-icon"
                data-pc-section="icon"
              />
            </div>
          </div>
          <label
            class="om-react-ui-radio-label"
            for="test-radio"
          >
            Test Radio
          </label>
        </div>
      </div>
    </div>
  </body>,
  "container": <div>
    <div
      class="om-react-ui-radio-wrapper "
    >
      <div
        class="om-react-ui-radio-inner  rd-md"
      >
        <div
          class="om-react-ui-radio-radio p-radiobutton p-component"
          data-pc-name="radiobutton"
          data-pc-section="root"
        >
          <input
            class="p-radiobutton-input"
            data-pc-section="input"
            id="test-radio"
            type="radio"
          />
          <div
            class="p-radiobutton-box"
            data-pc-section="box"
          >
            <div
              class="p-radiobutton-icon"
              data-pc-section="icon"
            />
          </div>
        </div>
        <label
          class="om-react-ui-radio-label"
          for="test-radio"
        >
          Test Radio
        </label>
      </div>
    </div>
  </div>,
  "debug": [Function],
  "findAllByAltText": [Function],
  "findAllByDisplayValue": [Function],
  "findAllByLabelText": [Function],
  "findAllByPlaceholderText": [Function],
  "findAllByRole": [Function],
  "findAllByTestId": [Function],
  "findAllByText": [Function],
  "findAllByTitle": [Function],
  "findByAltText": [Function],
  "findByDisplayValue": [Function],
  "findByLabelText": [Function],
  "findByPlaceholderText": [Function],
  "findByRole": [Function],
  "findByTestId": [Function],
  "findByText": [Function],
  "findByTitle": [Function],
  "getAllByAltText": [Function],
  "getAllByDisplayValue": [Function],
  "getAllByLabelText": [Function],
  "getAllByPlaceholderText": [Function],
  "getAllByRole": [Function],
  "getAllByTestId": [Function],
  "getAllByText": [Function],
  "getAllByTitle": [Function],
  "getByAltText": [Function],
  "getByDisplayValue": [Function],
  "getByLabelText": [Function],
  "getByPlaceholderText": [Function],
  "getByRole": [Function],
  "getByTestId": [Function],
  "getByText": [Function],
  "getByTitle": [Function],
  "queryAllByAltText": [Function],
  "queryAllByDisplayValue": [Function],
  "queryAllByLabelText": [Function],
  "queryAllByPlaceholderText": [Function],
  "queryAllByRole": [Function],
  "queryAllByTestId": [Function],
  "queryAllByText": [Function],
  "queryAllByTitle": [Function],
  "queryByAltText": [Function],
  "queryByDisplayValue": [Function],
  "queryByLabelText": [Function],
  "queryByPlaceholderText": [Function],
  "queryByRole": [Function],
  "queryByTestId": [Function],
  "queryByText": [Function],
  "queryByTitle": [Function],
  "rerender": [Function],
  "unmount": [Function],
}
`;
