// Jest Snapshot v1, https://goo.gl/fbAQLP

exports[`RadioGroup renders correctly 1`] = `
LoadedCheerio {
  "0": <div
    class="usd1-react-ui-radiogroup-wrapper tw-flex"
  >
    <div
      class="usd1-react-ui-radiogroup-inner"
    >
      <div
        class="usd1-react-ui-radiogroup-inner-radio p-radiobutton p-component"
        data-p-checked="false"
        data-pc-name="radiobutton"
        data-pc-section="root"
      >
        <input
          class="p-radiobutton-input"
          data-pc-section="input"
          id="USA"
          name="US"
          type="radio"
        />
        <div
          class="p-radiobutton-box"
          data-pc-section="box"
        >
          <div
            class="p-radiobutton-icon"
            data-pc-section="icon"
          />
        </div>
      </div>
      <label
        for="USA"
      >
        USA
      </label>
    </div>
    <div
      class="usd1-react-ui-radiogroup-inner"
    >
      <div
        class="usd1-react-ui-radiogroup-inner-radio p-radiobutton p-component p-highlight"
        data-p-checked="true"
        data-pc-name="radiobutton"
        data-pc-section="root"
      >
        <input
          checked=""
          class="p-radiobutton-input"
          data-pc-section="input"
          id="Canada"
          name="CA"
          type="radio"
        />
        <div
          class="p-radiobutton-box"
          data-pc-section="box"
        >
          <div
            class="p-radiobutton-icon"
            data-pc-section="icon"
          />
        </div>
      </div>
      <label
        for="Canada"
      >
        Canada
      </label>
    </div>
    <div
      class="usd1-react-ui-radiogroup-inner"
    >
      <div
        class="usd1-react-ui-radiogroup-inner-radio p-radiobutton p-component"
        data-p-checked="false"
        data-pc-name="radiobutton"
        data-pc-section="root"
      >
        <input
          class="p-radiobutton-input"
          data-pc-section="input"
          id="Mexico"
          name="MX"
          type="radio"
        />
        <div
          class="p-radiobutton-box"
          data-pc-section="box"
        >
          <div
            class="p-radiobutton-icon"
            data-pc-section="icon"
          />
        </div>
      </div>
      <label
        for="Mexico"
      >
        Mexico
      </label>
    </div>
    <div
      class="usd1-react-ui-radiogroup-inner"
    >
      <div
        class="usd1-react-ui-radiogroup-inner-radio p-radiobutton p-component"
        data-p-checked="false"
        data-pc-name="radiobutton"
        data-pc-section="root"
      >
        <input
          class="p-radiobutton-input"
          data-pc-section="input"
          id="Brazil"
          name="BR"
          type="radio"
        />
        <div
          class="p-radiobutton-box"
          data-pc-section="box"
        >
          <div
            class="p-radiobutton-icon"
            data-pc-section="icon"
          />
        </div>
      </div>
      <label
        for="Brazil"
      >
        Brazil
      </label>
    </div>
  </div>,
  "_root": LoadedCheerio {
    "0": Document {
      "children": [
        <html>
          <head />
          <body />
        </html>,
      ],
      "endIndex": null,
      "next": null,
      "parent": null,
      "prev": null,
      "startIndex": null,
      "type": "root",
      "x-mode": "quirks",
    },
    "_root": [Circular],
    "length": 1,
    "options": {
      "decodeEntities": true,
      "xml": false,
    },
  },
  "length": 1,
  "options": {
    "decodeEntities": true,
    "xml": false,
  },
}
`;
